// Jest Snapshot v1, https://goo.gl/fbAQLP

exports[`App renders correctly 1`] = `
<DocumentFragment>
  <div
    class="app"
  >
    <img
      alt="NASA logo"
      class="logo"
      src="https://cdn.cnn.com/cnnnext/dam/assets/200424060716-nasa-worm-logo.jpg"
    />
    <form
      class="search-form"
    >
      <input
        class="search-input"
        type="text"
      />
      <button
        class="search-button"
        type="submit"
      >
        Search
      </button>
    </form>
    <div
      class="search-results"
    >
      <img
        alt="first search result"
        class="search-result-image"
        src="https://images.unsplash.com/photo-1522030299830-16b8d3d049fe?ixlib=rb-1.2.1&ixid=eyJhcHBfaWQiOjEyMDd9&w=1000&q=80"
      />
    </div>
  </div>
</DocumentFragment>
`;
